[Part1] N=4 p=0.3: eigenvalues match prediction: True; lambda_min=-0.7000 >= -(1-p)=-0.7000: True
[Part1] N=4 p=0.6: eigenvalues match prediction: True; lambda_min=-0.4000 >= -(1-p)=-0.4000: True
[Part1] N=5 p=0.25: eigenvalues match prediction: True; lambda_min=-0.7500 >= -(1-p)=-0.7500: True
[Part2] N=3 p=0.340: max mu_p(A) with Bad_2(A) carrying a p-spread measure = 0.28750; (1-p)/(2-p) = 0.39759; bound holds: True; extremal A = [0]
[Part2] N=3 p=0.400: max mu_p(A) with Bad_2(A) carrying a p-spread measure = 0.21600; (1-p)/(2-p) = 0.37500; bound holds: True; extremal A = [0]
[Part2] N=3 p=0.500: max mu_p(A) with Bad_2(A) carrying a p-spread measure = 0.25000; (1-p)/(2-p) = 0.33333; bound holds: True; extremal A = [0, 1]
[Part2] N=3 p=0.600: max mu_p(A) with Bad_2(A) carrying a p-spread measure = 0.16000; (1-p)/(2-p) = 0.28571; bound holds: True; extremal A = [0, 1]
[Part2] N=3 p=0.750: max mu_p(A) with Bad_2(A) carrying a p-spread measure = 0.06250; (1-p)/(2-p) = 0.20000; bound holds: True; extremal A = [0, 1]
[Part2] N=4 p=0.260: max mu_p(A) with Bad_2(A) carrying a p-spread measure = 0.29987; (1-p)/(2-p) = 0.42529; bound holds: True; extremal A = [0]
[Part2] N=4 p=0.300: max mu_p(A) with Bad_2(A) carrying a p-spread measure = 0.24010; (1-p)/(2-p) = 0.41176; bound holds: True; extremal A = [0]
[Part2] N=4 p=0.400: max mu_p(A) with Bad_2(A) carrying a p-spread measure = 0.21600; (1-p)/(2-p) = 0.37500; bound holds: True; extremal A = [0, 1]
[Part2] N=4 p=0.500: max mu_p(A) with Bad_2(A) carrying a p-spread measure = 0.25000; (1-p)/(2-p) = 0.33333; bound holds: True; extremal A = [0, 1, 2, 3]
number of up-sets: {3: 20, 4: 168}
[Part3] N=4 q=0.3 t=0.5 eta=1.0: p=0.2308; max_U [P(T_t nu in U) - mu_p(U)] over q-spread nu = +1.11e-16  -> domination holds
[Part3] N=4 q=0.3 t=0.5 eta=1.3: p=0.1875; max_U [P(T_t nu in U) - mu_p(U)] over q-spread nu = -0.00e+00  -> domination holds
[Part3] N=4 q=0.3 t=0.5 eta=2.0: p=0.1304; max_U [P(T_t nu in U) - mu_p(U)] over q-spread nu = +1.22e-01  -> domination FAILS
[Part3] N=4 q=0.5 t=0.5 eta=1.0: p=0.3333; max_U [P(T_t nu in U) - mu_p(U)] over q-spread nu = -0.00e+00  -> domination holds
[Part3] N=4 q=0.5 t=0.5 eta=1.3: p=0.2778; max_U [P(T_t nu in U) - mu_p(U)] over q-spread nu = +2.21e-02  -> domination FAILS
[Part3] N=4 q=0.5 t=0.5 eta=2.0: p=0.2000; max_U [P(T_t nu in U) - mu_p(U)] over q-spread nu = +1.60e-01  -> domination FAILS
[Part3] N=4 q=0.25 t=0.7 eta=1.0: p=0.3684; max_U [P(T_t nu in U) - mu_p(U)] over q-spread nu = +4.44e-16  -> domination holds
[Part3] N=4 q=0.25 t=0.7 eta=1.3: p=0.3097; max_U [P(T_t nu in U) - mu_p(U)] over q-spread nu = +1.11e-16  -> domination holds
[Part3] N=4 q=0.25 t=0.7 eta=2.0: p=0.2258; max_U [P(T_t nu in U) - mu_p(U)] over q-spread nu = +5.93e-02  -> domination FAILS
[Part3] N=4 q=0.4 t=0.2 eta=1.0: p=0.0909; max_U [P(T_t nu in U) - mu_p(U)] over q-spread nu = +3.33e-16  -> domination holds
[Part3] N=4 q=0.4 t=0.2 eta=1.3: p=0.0714; max_U [P(T_t nu in U) - mu_p(U)] over q-spread nu = +3.95e-02  -> domination FAILS
[Part3] N=4 q=0.4 t=0.2 eta=2.0: p=0.0476; max_U [P(T_t nu in U) - mu_p(U)] over q-spread nu = +1.19e-01  -> domination FAILS
[Part4] N=3 p=0.4: coupling X~nu, R1,R2~mu_p, X subset R1|R2 exists for 5 extreme p-spread nu: True
[Part4] N=4 p=0.3: coupling X~nu, R1,R2~mu_p, X subset R1|R2 exists for 3 extreme p-spread nu: True
